// Vitest Snapshot v1, https://vitest.dev/guide/snapshot.html

exports[`filesync > fileHashes > returns the expected hashes 1`] = `
{
  ".gadget/": "0",
  ".gadget/client/": "0",
  ".gadget/client/dist-cjs/": "0",
  ".gadget/client/dist-cjs/Client.js": "3b87d29799ed5725fb5ed20f0dc7394b18f1c29c",
  ".gadget/client/dist-cjs/Client.js.map": "a9883d64b414575e19eb1d8fc86e5fb8c3b786d3",
  ".gadget/client/dist-cjs/iife-export.js": "9100c6b1493c959f880830c04d35826d50aba875",
  ".gadget/client/dist-cjs/iife-export.js.map": "d040c7ee7316e70df23d71bd4df3c06a81bda701",
  ".gadget/client/dist-cjs/index.js": "d6c66fda44a387991a42512c6a1c66461ddebe27",
  ".gadget/client/dist-cjs/index.js.map": "6976e164e1953807ce6fc6779b343f9df4316198",
  ".gadget/client/dist-cjs/models/": "0",
  ".gadget/client/dist-cjs/models/CurrentSession.js": "51e0a92522122fe1975adce6e1f61e56b8c1e4fb",
  ".gadget/client/dist-cjs/models/CurrentSession.js.map": "f14bc851b43cff525a354b91a73f76127076ec44",
  ".gadget/client/dist-cjs/models/Session.js": "cc92794e187eb06a7d408b1e020b0d8820b7a116",
  ".gadget/client/dist-cjs/models/Session.js.map": "7db286ac323feb3c092ab52e74c5208c8819a483",
  ".gadget/client/dist-cjs/models/User.js": "826223ca4b935d8d6b4fa424b9bc6c0f621905da",
  ".gadget/client/dist-cjs/models/User.js.map": "fd4611ae05f7590a78b9abfe843cd2f3ebde9232",
  ".gadget/client/dist-cjs/package.json": "a6e024bc66f013d9565542250aef50091391801d",
  ".gadget/client/dist-cjs/support.js": "7821c49323cc98a88dd6ca80b2541cd0f1332703",
  ".gadget/client/dist-cjs/support.js.map": "91f8c802b7ee596f0a7764a3f1fdcdf1699f9c2b",
  ".gadget/client/dist-cjs/types.js": "e3a478126d4879bef46fd293744ac93bdc1db000",
  ".gadget/client/dist-cjs/types.js.map": "b563d23134eabc9d858d59a37f4982551c35ee83",
  ".gadget/client/dist-esm/": "0",
  ".gadget/client/dist-esm/Client.js": "a0f7ddb4e2e560dcf221463ef82527a02c39481b",
  ".gadget/client/dist-esm/Client.js.map": "df3a959006f6352e64e19ae5f175c5fb3a457f1d",
  ".gadget/client/dist-esm/iife-export.js": "e76b6bfe077f2a2ef5fb807e27237f417ee2ba24",
  ".gadget/client/dist-esm/iife-export.js.map": "86406b6f9e651a36383e59e72601c5b0f569fd89",
  ".gadget/client/dist-esm/index.js": "bec5b0eaeb03b78115376c38aa736978e671127d",
  ".gadget/client/dist-esm/index.js.map": "66efe8e0431669a4f648311c8974e325c7f1fac5",
  ".gadget/client/dist-esm/models/": "0",
  ".gadget/client/dist-esm/models/CurrentSession.js": "cb4b1eb7c1c55c55d29eeeab1e503081e6505560",
  ".gadget/client/dist-esm/models/CurrentSession.js.map": "6b05dd3ddb78bb185787589792ea4b9b07a60660",
  ".gadget/client/dist-esm/models/Session.js": "e43a5a350e8d1a84c3d81ad6eef73ca6812a5fd0",
  ".gadget/client/dist-esm/models/Session.js.map": "fe73f669d1bdd2d26f99ebbb974fb1a241edb84c",
  ".gadget/client/dist-esm/models/User.js": "fa8e55b67e5b87977d961c6b579fb2a9cdc2a615",
  ".gadget/client/dist-esm/models/User.js.map": "efcffff60562071ec5e47b9a88eca229671cfb86",
  ".gadget/client/dist-esm/package.json": "ee2833a41c28830d75b2f3327075286c915ed0dd",
  ".gadget/client/dist-esm/support.js": "fca8941b59f6baf10368660abb7a5bb914fbab84",
  ".gadget/client/dist-esm/support.js.map": "4e852db124055a966086784c48a7ed7d798f4a39",
  ".gadget/client/dist-esm/types.js": "691cb54a5e1412d6324c76041f4f1d4f088df108",
  ".gadget/client/dist-esm/types.js.map": "f5c8dce4d8e584f5138c01c3441c284d4823dac6",
  ".gadget/client/package.json": "a8b2e3828029fd3a9a3bff3b56f1a577503901a8",
  ".gadget/client/src/": "0",
  ".gadget/client/src/Client.ts": "3c536a8a3ce0520a2ff4b1557d2abd2bb9b9b0cb",
  ".gadget/client/src/iife-export.ts": "82b7f25b605910a36ececfe9ce021ce6654deaed",
  ".gadget/client/src/index.ts": "4cb64c7729034ea2a29c30bac87de77d4f9e8962",
  ".gadget/client/src/models/": "0",
  ".gadget/client/src/models/CurrentSession.ts": "525c4acda8944e7958e43f752dc5a8a86810b69d",
  ".gadget/client/src/models/Session.ts": "1e96199c31a33f38eaaf2ae1465fe3b8a63bf700",
  ".gadget/client/src/models/User.ts": "9435153a7c71d4a3beddede8626e0395e07b17b4",
  ".gadget/client/src/support.ts": "78c19b173b99999fb6895a445c1cc744e4193b54",
  ".gadget/client/src/types.ts": "fb93594012e297b6d99d2f598070b1bf879f9ef3",
  ".gadget/client/tsconfig.json": "706aeaa77cf0a8158fe0c0de9fbf0f36cb659877",
  ".gadget/client/types/": "0",
  ".gadget/client/types/Client.d.ts": "547ead4464168ef19b2a483ee30361d150d9ceaf",
  ".gadget/client/types/iife-export.d.ts": "aed6fcad7012b06b88f9f3800c6d8b2c3f74674c",
  ".gadget/client/types/index.d.ts": "f6be2b06025d910abde906c3c75825f61fbb08dc",
  ".gadget/client/types/models/": "0",
  ".gadget/client/types/models/CurrentSession.d.ts": "2ea1fc586743989a5ea1dc2f2f25770840d2f0c1",
  ".gadget/client/types/models/Session.d.ts": "196a6e2daeaf814160442fd701d54efe6d43364a",
  ".gadget/client/types/models/User.d.ts": "2b1991253c6376a3e521166979abee5764f47a6c",
  ".gadget/client/types/support.d.ts": "cfefcb649ed1932765fccab7117bbecc2043b1ff",
  ".gadget/client/types/types.d.ts": "0a622f063fbeb3af3336fa91d144a3eb6bc87e92",
  ".gadget/server/": "0",
  ".gadget/server/dist/": "0",
  ".gadget/server/dist/AccessControlMetadata.d.ts": "46cff366dcb8b218601182afa8b6ad6ff6aaaaa1",
  ".gadget/server/dist/AccessControlMetadata.js": "4ed2c8f080499fd0cd268527c86866d6fb22e819",
  ".gadget/server/dist/AccessControlMetadata.js.map": "6bc1ffa2cd4209f5e3c3986e77c38454f93eb65d",
  ".gadget/server/dist/AmbientContext.d.ts": "97f4a8d491bff2e0e8de8a0643cafc3cddd5a7e5",
  ".gadget/server/dist/AmbientContext.js": "7ed59f86a100db0a0c78eace419467628aaad984",
  ".gadget/server/dist/AmbientContext.js.map": "6436f0f95277acf043a77483dae696b1836dbb88",
  ".gadget/server/dist/AppConfigs.d.ts": "7461242aef21f734f4f8650001328bde66216447",
  ".gadget/server/dist/AppConfigs.js": "79719616266935249fa0e2a66bb170dfb8f97982",
  ".gadget/server/dist/AppConfigs.js.map": "6d8ed0623f524b4019a0b4cd34a389a9de925903",
  ".gadget/server/dist/AppConfiguration.d.ts": "f75aa21a86557a234b12f85f7df3b3aca4bd57a6",
  ".gadget/server/dist/AppConfiguration.js": "da8c1a3084ca3bd3e8c3b456b60e4ded5d543550",
  ".gadget/server/dist/AppConfiguration.js.map": "857759aff5ed18336f1803afe1d3296f1d978109",
  ".gadget/server/dist/AppConnections.d.ts": "7aa41b1db6af967212065e5a350f6a875c724bdb",
  ".gadget/server/dist/AppConnections.js": "181cfed57e11bd093d9fe5ea562d6956478efbba",
  ".gadget/server/dist/AppConnections.js.map": "16c131e717d49b89a5000d2c01055dc2d269d29f",
  ".gadget/server/dist/Session.d.ts": "7d602439d1571540b63bc4326d5c438686158566",
  ".gadget/server/dist/Session.js": "d8cede574c71378e19e6dac6a723afe8fdfe8d4f",
  ".gadget/server/dist/Session.js.map": "d29c4a338e8326ad280b584350ab328aea06976a",
  ".gadget/server/dist/ai/": "0",
  ".gadget/server/dist/ai/index.d.ts": "7cfd28e9c6f74d85a890d2b5b846daa6220e1e85",
  ".gadget/server/dist/ai/index.js": "aa3f6d7e3ff8e1764fb50ec5add15afdc6d0ffc1",
  ".gadget/server/dist/ai/index.js.map": "e449d565a98acea27ef0a8d89b20f0b2d28bbf03",
  ".gadget/server/dist/auth.d.ts": "0f895abca07e61f7c78c7193258b351f36c02764",
  ".gadget/server/dist/auth.js": "40678da06697bf6cb82f5516b2171498dabd190f",
  ".gadget/server/dist/auth.js.map": "02fa0007c6e21abd8af50414b857e173ce3d0bbd",
  ".gadget/server/dist/effects.d.ts": "49d46ed47b4f0b5b2726e9c57b6004cf33b17ba6",
  ".gadget/server/dist/effects.js": "26b14585862237b1663cfa98617aa7853578dddb",
  ".gadget/server/dist/effects.js.map": "f6c9a653907205da3f1e1a792323e3d7d664f72c",
  ".gadget/server/dist/email-templates/": "0",
  ".gadget/server/dist/email-templates/index.d.ts": "fa0e3f624cdd18649bc26e07e3d5b5b118020d14",
  ".gadget/server/dist/email-templates/index.js": "27e4eb6645e6fab693fbaa221623aa22b8183ec7",
  ".gadget/server/dist/email-templates/index.js.map": "5fff7fb3880c46898ea71b035c3d9294c23f7118",
  ".gadget/server/dist/email-templates/reset-password.d.ts": "52193cea13a0a0c3b6bdde947bd92fbea4133a04",
  ".gadget/server/dist/email-templates/reset-password.js": "591ee27788012c703ff0bbfb7e219e4470cea898",
  ".gadget/server/dist/email-templates/reset-password.js.map": "caeeb4785629be36a96e3ee1e79e67f2c1130e00",
  ".gadget/server/dist/email-templates/verify-email.d.ts": "e89aa4146bbe3c94bc5b6d6fbfd601189a67695d",
  ".gadget/server/dist/email-templates/verify-email.js": "df7b638a0b016417ecfe3144d6ad62034a7b1d02",
  ".gadget/server/dist/email-templates/verify-email.js.map": "34c4e1a45b3f871e943b46ddc55c99e60aa42d2f",
  ".gadget/server/dist/emails.d.ts": "a2ddd91c0f6e81abd3fe7407ec884ac2ab776e11",
  ".gadget/server/dist/emails.js": "96b9018cc13410ef8d7387309d44c800c0b7d9eb",
  ".gadget/server/dist/emails.js.map": "bfdf98159b9ba4033337e029f567d401358176b0",
  ".gadget/server/dist/errors.d.ts": "e4e944fc40e562431bbbb84a60720406f21a0a33",
  ".gadget/server/dist/errors.js": "39e06bc27d84e503051a8a4e3074654e6a144ae6",
  ".gadget/server/dist/errors.js.map": "6f49084b44a2fa09147f82d2bfe56e5799fe3ee9",
  ".gadget/server/dist/global-actions.d.ts": "b878c11a77128e74c3cf15c93ef2ceddf2aa0b38",
  ".gadget/server/dist/global-actions.js": "b6cf6e6fe42af16eb8aba358c25ee5954deb5912",
  ".gadget/server/dist/global-actions.js.map": "84ef5b981d5677ca9dc7a5624378a31946600e5d",
  ".gadget/server/dist/globals.d.ts": "ca0935c3dd1d1098ff172dffd8051c575358a234",
  ".gadget/server/dist/globals.js": "914b391204313ccc6468b66465dfb5864f06bf38",
  ".gadget/server/dist/globals.js.map": "8ec88684ed40f93dfd6c735f8f6365199bbda284",
  ".gadget/server/dist/index.d.ts": "b61b89942be2466c0c310cb90307c0e6582ecd96",
  ".gadget/server/dist/index.js": "f8dd93d5624f77dcac70eca63b6c1f79ac5ba6cf",
  ".gadget/server/dist/index.js.map": "6c2014b1eb096db2a4e294c8f58bd2aa83be6373",
  ".gadget/server/dist/metadata.d.ts": "b878c11a77128e74c3cf15c93ef2ceddf2aa0b38",
  ".gadget/server/dist/metadata.js": "d1303db467652ee2d80f96beae0196619a9c7c7b",
  ".gadget/server/dist/metadata.js.map": "f271be875bfa8d41bb8ab96f48310703245e7c58",
  ".gadget/server/dist/models/": "0",
  ".gadget/server/dist/models/Session.d.ts": "6f7491d2c9bad5aab3de707e9576710089e50bf5",
  ".gadget/server/dist/models/Session.js": "4ce188655d39593cfbc790718426065b1f868d10",
  ".gadget/server/dist/models/Session.js.map": "ab9f8d5aac4b5ecae7c4d8e0090267ffe31f789d",
  ".gadget/server/dist/models/User.d.ts": "42e5ba01a38750bac50a93a5f92e735b992bfd37",
  ".gadget/server/dist/models/User.js": "ffa9c2e10cf52eb9c77b5b5b82ecfc8e7f6afdd5",
  ".gadget/server/dist/models/User.js.map": "4f1dfed9f1c5c62e3e576a65deaee47c6c23f6cc",
  ".gadget/server/dist/nodemailer-transports.d.ts": "c80d373b55f197ac200842110bcd0629320c0911",
  ".gadget/server/dist/nodemailer-transports.js": "86719d29cbbc89a1a5f5fb88abd23b6f94c268a2",
  ".gadget/server/dist/nodemailer-transports.js.map": "c2ffb5820f73b8307424de95a4d642eec3b02e46",
  ".gadget/server/dist/routes.d.ts": "75ff1de82b060fe3e850cf555ea1b8f47c8156fb",
  ".gadget/server/dist/routes.js": "bd39c3e9560d1045f4ba6eeee81a0061f4614efe",
  ".gadget/server/dist/routes.js.map": "81f77e474a1e9284ef759ced2f9ccc0e52bea806",
  ".gadget/server/dist/state-chart/": "0",
  ".gadget/server/dist/state-chart/StateMapper.d.ts": "3a4c5f6708330766e4953bf18400edf7f9444d35",
  ".gadget/server/dist/state-chart/StateMapper.js": "84526814043e85254c1b9eddfc8c777c66e72e97",
  ".gadget/server/dist/state-chart/StateMapper.js.map": "6fd6ba98b4bbb896eb29baddb6239390b4b53206",
  ".gadget/server/dist/state-chart/index.d.ts": "a944e380018f17451dbf85ead1feb66b996bd7b8",
  ".gadget/server/dist/state-chart/index.js": "06da171ccd06f7bdeed5b03db99e1c814aa11c16",
  ".gadget/server/dist/state-chart/index.js.map": "3389d6fd849fbf6d75671e495194e4f104d3426c",
  ".gadget/server/dist/tenancy.d.ts": "55aad237c2c6cda078c400b711b6a971cc510a31",
  ".gadget/server/dist/tenancy.js": "352983a51d9ee58c323085d44e474df18d764196",
  ".gadget/server/dist/tenancy.js.map": "785cc86491ff0923e67132f7ce3863cc041cccb4",
  ".gadget/server/dist/types.d.ts": "bcfbae2afaf7a435e6a4dd9df79ecd5080616a91",
  ".gadget/server/dist/types.js": "4ea83cb63ae8bb9372c8c71d71bc82002da5030d",
  ".gadget/server/dist/types.js.map": "f4c2b3b7d8ec75121abf757a09f751e32f71e2c4",
  ".gadget/server/dist/utils.d.ts": "0569182edff2427deca8610a7021b32cce7546b3",
  ".gadget/server/dist/utils.js": "6f61fbd0556f559162533d43728f9c05fb367074",
  ".gadget/server/dist/utils.js.map": "5cf43a93a12131c229c4cd578cdea284865c2816",
  ".gadget/server/package.json": "4cc4a3fc1cf268b1bf73574c2578838c4095f205",
  ".gadget/server/src/": "0",
  ".gadget/server/src/AccessControlMetadata.ts": "7d4667392a3b83244f239733caf435a13295d579",
  ".gadget/server/src/AmbientContext.ts": "5a30e4f6625c2236b60f200434c32acdcc62217e",
  ".gadget/server/src/AppConfigs.ts": "a68b4b8f29985e6576aefc6f4cc4eafc04b33a55",
  ".gadget/server/src/AppConfiguration.ts": "7bf5ce7334c6fa216b9e8fc5e451e4e49211c8f6",
  ".gadget/server/src/AppConnections.ts": "25c0a0e0044a23f075faed215e2e608c25d606df",
  ".gadget/server/src/Session.ts": "ca5edac0b98a9e2b9b478a499a8bd1e93b550171",
  ".gadget/server/src/ai/": "0",
  ".gadget/server/src/ai/index.ts": "66319b899d590b94f12f4586775fdcf7e7025a76",
  ".gadget/server/src/auth.ts": "bdd8f5d18d47fe5a736957279e6163a851bcd996",
  ".gadget/server/src/effects.ts": "e79d1020c7df102f06f2741a249b1e3dcac42708",
  ".gadget/server/src/email-templates/": "0",
  ".gadget/server/src/email-templates/index.ts": "f5df29a7c7758522419c5f6ec1d81b0cc03cce1e",
  ".gadget/server/src/email-templates/reset-password.ts": "613f5a04c73c3ad4fdb649749a2f6876c79c7b19",
  ".gadget/server/src/email-templates/verify-email.ts": "20a439cab22afd6867e94fb92e4a4fdb60ecae06",
  ".gadget/server/src/emails.ts": "855dc76f003dfc9b7e75a64836bddd6232e45954",
  ".gadget/server/src/errors.ts": "38cd4bb4fdfe76e6023dea8a2d5ac52fccf52d88",
  ".gadget/server/src/global-actions.ts": "22b23ae2fce3819d31c888793c653a69cb75c2ff",
  ".gadget/server/src/globals.ts": "2ae7c373a2aacc2687419afe5ff6892caf918dbd",
  ".gadget/server/src/index.ts": "b166b47ba301e1f51bf3d6f564dbc9ab0c91cb82",
  ".gadget/server/src/metadata.d.ts": "f32ec0272d9ebbbc19dae330f6552df7b9a579bc",
  ".gadget/server/src/metadata.ts": "4f6e0d90c1e6eeb7ae262aa20e533dab5ed887c8",
  ".gadget/server/src/models/": "0",
  ".gadget/server/src/models/Session.ts": "01b2cf444985ffb0f78f7f87460e10cd57873956",
  ".gadget/server/src/models/User.ts": "8787450ff3d9c681b21d39af0d0f720921612dcf",
  ".gadget/server/src/nodemailer-transports.ts": "c0e978a073c7c5b0ce57ae50a6bbfd813e0a17c7",
  ".gadget/server/src/routes.ts": "7bc62aa6356df671812658dedd8967abcd408e96",
  ".gadget/server/src/state-chart/": "0",
  ".gadget/server/src/state-chart/StateMapper.ts": "4b4454e40fb5cd2bbd09b2479d7827498b464946",
  ".gadget/server/src/state-chart/index.ts": "90123b766a5f43d5f85fd994e1ea587e69d8e4eb",
  ".gadget/server/src/tenancy.ts": "25f9cc2681c6cc834c47688faa99499aa05d27e2",
  ".gadget/server/src/types.ts": "ba7090e0f3f50fe6377a0486e4d202b25baba49d",
  ".gadget/server/src/utils.ts": "f3466909423f13d1b33e6d119e04a26a71423189",
  ".gadget/server/tsconfig.json": "9e93c26252acddde078a856bd9bd89d2aec85bb0",
  "/": "0",
  "frontend/": "0",
  "frontend/App.css": "bb52d69ea4f56df4917baf08abfeb3488a77cf44",
  "frontend/App.jsx": "cc5ed635e24db59ace9ba6fcfe60233fdf5cfa0a",
  "frontend/api.js": "0d5e8bc622a2dbd900c0972517f2746af229e523",
  "frontend/assets/": "0",
  "frontend/assets/default-background.svg": "63dc448344a43635734dfad6e4179f9ab9eb804a",
  "frontend/assets/default-user-icon.svg": "cadc52cb317708e81fc22a921738049eeab4e3e2",
  "frontend/assets/google.svg": "802b904aab85c279f897f92397d7e2127cca922e",
  "frontend/assets/react-logo.svg": "cf5debfa07c18ca462a06eabf449f5d6f5129710",
  "frontend/main.jsx": "d2270cb8f4df1107db2188fd0710420f4fb37bb1",
  "frontend/routes/": "0",
  "frontend/routes/change-password.jsx": "836a8c07e1f4ee655f45d090101a736815dff2b0",
  "frontend/routes/forgot-password.jsx": "9d2a8c39de9f9b1ae03a5b341a419dc5b6f41558",
  "frontend/routes/index.jsx": "29c46bfec2d7048e00c69cddb68a099f146950f0",
  "frontend/routes/reset-password.jsx": "ee6628728975715b23088e738d5d9e1c6952bc44",
  "frontend/routes/sign-in.jsx": "8b2ee91daadae623963b255ab9e069207609ff10",
  "frontend/routes/sign-up.jsx": "c7dbaec1685ffef1e90d1e5d7fc06a0d49c1ec79",
  "frontend/routes/signed-in.jsx": "bf36dbad5cf446ad45508d8371b76ae09402889d",
  "frontend/routes/verify-email.jsx": "f5d134965e597926bb861702ce68b0fa992c5941",
  "index.html": "01cb5f4887c22d687f2537daf94af6da54ff5e1e",
  "package.json": "22f99adf2c82bb5442c910de41a9a7c9e2c4fbc3",
  "routes/": "0",
  "routes/GET-hello.js": "ad6e5a56077ded810ac4cd5a6a1f216f7716695b",
  "user/": "0",
  "user/actions/": "0",
  "user/actions/changePassword.js": "25a33fd18fb6d79bb2251ed466ab2faf42da9450",
  "user/actions/delete.js": "83d4b54a6649f4474f1d50ec46dfecd6deac8969",
  "user/actions/resetPassword.js": "aa73f2a74dc6db3f54a252778d4b192ad1afeb42",
  "user/actions/sendResetPassword.js": "0228ff7eea84d499cf55bd3de60f530cfb4a6894",
  "user/actions/sendVerifyEmail.js": "56f6b5c955108fead7ed022269b3b39bb6f0acc0",
  "user/actions/signIn.js": "fe7f8ea152561c4440d5104b074c6fb69780a0d2",
  "user/actions/signOut.js": "acb056853d27081611f6ba2676065f184b08d4cb",
  "user/actions/signUp.js": "cb961bfe0b1116b02118e783b7c093733b347c60",
  "user/actions/update.js": "029d18cb1d83de758f573ca46475dc491ed6c284",
  "user/actions/verifyEmail.js": "dd08d432b2d7d7ccd7f96e7c55b1c5f0770c8576",
  "user/filters/": "0",
  "user/filters/tenant.gelly": "03fb2750fa5eb7a65a3435fb8b2e05b3929a07a6",
  "vite.config.js": "9e808af7e99f052f74da21184a04f4584c37fbd9",
  "yarn.lock": "5cd440110ae35b2b59a849702a22fb86163aa74e",
}
`;
